> Task :checkKotlinGradlePluginConfigurationErrors SKIPPED
> Task :compileKotlin UP-TO-DATE
> Task :compileJava NO-SOURCE
> Task :processResources UP-TO-DATE
> Task :classes UP-TO-DATE
> Task :resolveMainClassName UP-TO-DATE

> Task :bootRun

  .   ____          _            __ _ _
 /\\ / ___'_ __ _ _(_)_ __  __ _ \ \ \ \
( ( )\___ | '_ | '_| | '_ \/ _` | \ \ \ \
 \\/  ___)| |_)| | | | | || (_| |  ) ) ) )
  '  |____| .__|_| |_|_| |_\__, | / / / /
 =========|_|==============|___/=/_/_/_/

 :: Spring Boot ::                (v4.0.6)

2026-04-27T22:51:36.240+02:00  INFO 34240 --- [homeApp] [           main] com.back.homeapp.HomeAppApplicationKt    : Starting HomeAppApplicationKt using Java 21.0.3 with PID 34240 (C:\Users\Jonathan\Desktop\home-app\home-backend\homeApp\build\classes\kotlin\main started by Jonathan in C:\Users\Jonathan\Desktop\home-app\home-backend\homeApp)
2026-04-27T22:51:36.242+02:00  INFO 34240 --- [homeApp] [           main] com.back.homeapp.HomeAppApplicationKt    : No active profile set, falling back to 1 default profile: "default"
2026-04-27T22:51:36.702+02:00  INFO 34240 --- [homeApp] [           main] com.back.homeapp.HomeAppApplicationKt    : Started HomeAppApplicationKt in 0.739 seconds (process running for 0.975)

BUILD SUCCESSFUL in 2s
4 actionable tasks: 1 executed, 3 up-to-date
Consider enabling configuration cache to speed up this build: https://docs.gradle.org/9.4.1/userguide/configuration_cache_enabling.html
