Starting a Gradle Daemon, 1 busy and 1 incompatible and 3 stopped Daemons could not be reused, use --status for details
> Task :checkKotlinGradlePluginConfigurationErrors SKIPPED
> Task :processResources UP-TO-DATE
> Task :compileKotlin
> Task :compileJava NO-SOURCE
> Task :classes UP-TO-DATE
> Task :resolveMainClassName UP-TO-DATE

> Task :bootRun

  .   ____          _            __ _ _
 /\\ / ___'_ __ _ _(_)_ __  __ _ \ \ \ \
( ( )\___ | '_ | '_| | '_ \/ _` | \ \ \ \
 \\/  ___)| |_)| | | | | || (_| |  ) ) ) )
  '  |____| .__|_| |_|_| |_\__, | / / / /
 =========|_|==============|___/=/_/_/_/

 :: Spring Boot ::                (v4.0.6)

2026-04-27T22:52:29.555+02:00  INFO 31072 --- [homeApp] [           main] com.back.homeapp.HomeAppApplicationKt    : Starting HomeAppApplicationKt using Java 21.0.3 with PID 31072 (C:\Users\Jonathan\Desktop\home-app\home-backend\homeApp\build\classes\kotlin\main started by Jonathan in C:\Users\Jonathan\Desktop\home-app\home-backend\homeApp)
2026-04-27T22:52:29.558+02:00  INFO 31072 --- [homeApp] [           main] com.back.homeapp.HomeAppApplicationKt    : No active profile set, falling back to 1 default profile: "default"
2026-04-27T22:52:30.194+02:00  INFO 31072 --- [homeApp] [           main] o.s.boot.tomcat.TomcatWebServer          : Tomcat initialized with port 8080 (http)
2026-04-27T22:52:30.208+02:00  INFO 31072 --- [homeApp] [           main] o.apache.catalina.core.StandardService   : Starting service [Tomcat]
2026-04-27T22:52:30.208+02:00  INFO 31072 --- [homeApp] [           main] o.apache.catalina.core.StandardEngine    : Starting Servlet engine: [Apache Tomcat/11.0.21]
2026-04-27T22:52:30.255+02:00  INFO 31072 --- [homeApp] [           main] b.w.c.s.WebApplicationContextInitializer : Root WebApplicationContext: initialization completed in 645 ms
2026-04-27T22:52:30.780+02:00  INFO 31072 --- [homeApp] [           main] o.s.boot.tomcat.TomcatWebServer          : Tomcat started on port 8080 (http) with context path '/'
2026-04-27T22:52:30.784+02:00  INFO 31072 --- [homeApp] [           main] com.back.homeapp.HomeAppApplicationKt    : Started HomeAppApplicationKt in 1.572 seconds (process running for 1.839)
2026-04-27T22:52:54.239+02:00  INFO 31072 --- [homeApp] [nio-8080-exec-1] o.a.c.c.C.[Tomcat].[localhost].[/]       : Initializing Spring DispatcherServlet 'dispatcherServlet'
2026-04-27T22:52:54.239+02:00  INFO 31072 --- [homeApp] [nio-8080-exec-1] o.s.web.servlet.DispatcherServlet        : Initializing Servlet 'dispatcherServlet'
2026-04-27T22:52:54.239+02:00  INFO 31072 --- [homeApp] [nio-8080-exec-1] o.s.web.servlet.DispatcherServlet        : Completed initialization in 0 ms

> Task :bootRun FAILED
4 actionable tasks: 2 executed, 2 up-to-date
